---
source: tests/pulldown_cmark.rs
expression: "Parser::new_ext(&md, opt).into_offset_iter().collect::<Vec<_>>()"

---
- - Rule
  - start: 0
    end: 4
- - Start: Paragraph
  - start: 4
    end: 25
- - Start: Strong
  - start: 4
    end: 24
- - Text: "Advertisement :)"
  - start: 6
    end: 22
- - End: Strong
  - start: 4
    end: 24
- - End: Paragraph
  - start: 4
    end: 25
- - Start:
      List: ~
  - start: 26
    end: 250
- - Start: Item
  - start: 26
    end: 127
- - Start: Strong
  - start: 28
    end: 75
- - Start:
      Link:
        - Inline
        - "https://nodeca.github.io/pica/demo/"
        - ""
  - start: 30
    end: 73
- - Text: pica
  - start: 31
    end: 35
- - End:
      Link:
        - Inline
        - "https://nodeca.github.io/pica/demo/"
        - ""
  - start: 30
    end: 73
- - End: Strong
  - start: 28
    end: 75
- - Text: " - high quality and fast image"
  - start: 75
    end: 105
- - SoftBreak
  - start: 105
    end: 106
- - Text: resize in browser.
  - start: 108
    end: 126
- - End: Item
  - start: 26
    end: 127
- - Start: Item
  - start: 127
    end: 250
- - Start: Strong
  - start: 129
    end: 182
- - Start:
      Link:
        - Inline
        - "https://github.com/nodeca/babelfish/"
        - ""
  - start: 131
    end: 180
- - Text: babelfish
  - start: 132
    end: 141
- - End:
      Link:
        - Inline
        - "https://github.com/nodeca/babelfish/"
        - ""
  - start: 131
    end: 180
- - End: Strong
  - start: 129
    end: 182
- - Text: " - developer friendly"
  - start: 182
    end: 203
- - SoftBreak
  - start: 203
    end: 204
- - Text: i18n with plurals support and easy syntax.
  - start: 206
    end: 248
- - End: Item
  - start: 127
    end: 250
- - End:
      List: ~
  - start: 26
    end: 250
- - Start: Paragraph
  - start: 250
    end: 280
- - Text: You will like those projects!
  - start: 250
    end: 279
- - End: Paragraph
  - start: 250
    end: 280
- - Rule
  - start: 281
    end: 285
- - Start:
      Heading: H1
  - start: 286
    end: 303
- - Text: h1 Heading 8-)
  - start: 288
    end: 302
- - End:
      Heading: H1
  - start: 286
    end: 303
- - Start:
      Heading: H2
  - start: 303
    end: 317
- - Text: h2 Heading
  - start: 306
    end: 316
- - End:
      Heading: H2
  - start: 303
    end: 317
- - Start:
      Heading: H3
  - start: 317
    end: 332
- - Text: h3 Heading
  - start: 321
    end: 331
- - End:
      Heading: H3
  - start: 317
    end: 332
- - Start:
      Heading: H4
  - start: 332
    end: 348
- - Text: h4 Heading
  - start: 337
    end: 347
- - End:
      Heading: H4
  - start: 332
    end: 348
- - Start:
      Heading: H5
  - start: 348
    end: 365
- - Text: h5 Heading
  - start: 354
    end: 364
- - End:
      Heading: H5
  - start: 348
    end: 365
- - Start:
      Heading: H6
  - start: 365
    end: 383
- - Text: h6 Heading
  - start: 372
    end: 382
- - End:
      Heading: H6
  - start: 365
    end: 383
- - Start:
      Heading: H2
  - start: 385
    end: 405
- - Text: Horizontal Rules
  - start: 388
    end: 404
- - End:
      Heading: H2
  - start: 385
    end: 405
- - Rule
  - start: 406
    end: 410
- - Rule
  - start: 411
    end: 415
- - Rule
  - start: 416
    end: 420
- - Start:
      Heading: H2
  - start: 422
    end: 441
- - Text: quotation marks
  - start: 425
    end: 440
- - End:
      Heading: H2
  - start: 422
    end: 441
- - Start: Paragraph
  - start: 442
    end: 491
- - Text: "\"Smartypants, double quotes\" and 'single quotes'"
  - start: 442
    end: 490
- - End: Paragraph
  - start: 442
    end: 491
- - Start:
      Heading: H2
  - start: 493
    end: 505
- - Text: Emphasis
  - start: 496
    end: 504
- - End:
      Heading: H2
  - start: 493
    end: 505
- - Start: Paragraph
  - start: 506
    end: 528
- - Start: Strong
  - start: 506
    end: 527
- - Text: This is bold text
  - start: 508
    end: 525
- - End: Strong
  - start: 506
    end: 527
- - End: Paragraph
  - start: 506
    end: 528
- - Start: Paragraph
  - start: 529
    end: 551
- - Start: Strong
  - start: 529
    end: 550
- - Text: This is bold text
  - start: 531
    end: 548
- - End: Strong
  - start: 529
    end: 550
- - End: Paragraph
  - start: 529
    end: 551
- - Start: Paragraph
  - start: 552
    end: 574
- - Start: Emphasis
  - start: 552
    end: 573
- - Text: This is italic text
  - start: 553
    end: 572
- - End: Emphasis
  - start: 552
    end: 573
- - End: Paragraph
  - start: 552
    end: 574
- - Start: Paragraph
  - start: 575
    end: 597
- - Start: Emphasis
  - start: 575
    end: 596
- - Text: This is italic text
  - start: 576
    end: 595
- - End: Emphasis
  - start: 575
    end: 596
- - End: Paragraph
  - start: 575
    end: 597
- - Start: Paragraph
  - start: 598
    end: 616
- - Start: Strikethrough
  - start: 598
    end: 615
- - Text: Strikethrough
  - start: 600
    end: 613
- - End: Strikethrough
  - start: 598
    end: 615
- - End: Paragraph
  - start: 598
    end: 616
- - Start:
      Heading: H2
  - start: 618
    end: 633
- - Text: Blockquotes
  - start: 621
    end: 632
- - End:
      Heading: H2
  - start: 618
    end: 633
- - Start: BlockQuote
  - start: 635
    end: 784
- - Start: Paragraph
  - start: 637
    end: 671
- - Text: Blockquotes can also be nested...
  - start: 637
    end: 670
- - End: Paragraph
  - start: 637
    end: 671
- - Start: BlockQuote
  - start: 672
    end: 784
- - Start: Paragraph
  - start: 674
    end: 744
- - Text: "...by using additional greater-than signs right next to each other..."
  - start: 674
    end: 743
- - End: Paragraph
  - start: 674
    end: 744
- - Start: BlockQuote
  - start: 748
    end: 784
- - Start: Paragraph
  - start: 750
    end: 784
- - Text: "...or with spaces between arrows."
  - start: 750
    end: 783
- - End: Paragraph
  - start: 750
    end: 784
- - End: BlockQuote
  - start: 748
    end: 784
- - End: BlockQuote
  - start: 672
    end: 784
- - End: BlockQuote
  - start: 635
    end: 784
- - Start:
      Heading: H2
  - start: 786
    end: 795
- - Text: Lists
  - start: 789
    end: 794
- - End:
      Heading: H2
  - start: 786
    end: 795
- - Start: Paragraph
  - start: 796
    end: 806
- - Text: Unordered
  - start: 796
    end: 805
- - End: Paragraph
  - start: 796
    end: 806
- - Start:
      List: ~
  - start: 807
    end: 1086
- - Start: Item
  - start: 807
    end: 864
- - Text: "Create a list by starting a line with "
  - start: 809
    end: 847
- - Code: +
  - start: 847
    end: 850
- - Text: ", "
  - start: 850
    end: 852
- - Code: "-"
  - start: 852
    end: 855
- - Text: ", or "
  - start: 855
    end: 860
- - Code: "*"
  - start: 860
    end: 863
- - End: Item
  - start: 807
    end: 864
- - Start: Item
  - start: 864
    end: 1072
- - Text: "Sub-lists are made by indenting 2 spaces:"
  - start: 866
    end: 907
- - Start:
      List: ~
  - start: 910
    end: 1072
- - Start: Item
  - start: 910
    end: 1072
- - Text: "Marker character change forces new list start:"
  - start: 912
    end: 958
- - Start:
      List: ~
  - start: 963
    end: 1001
- - Start: Item
  - start: 963
    end: 997
- - Text: Ac tristique libero volutpat at
  - start: 965
    end: 996
- - End: Item
  - start: 963
    end: 997
- - End:
      List: ~
  - start: 963
    end: 1001
- - Start:
      List: ~
  - start: 1001
    end: 1041
- - Start: Item
  - start: 1001
    end: 1037
- - Text: Facilisis in pretium nisl aliquet
  - start: 1003
    end: 1036
- - End: Item
  - start: 1001
    end: 1037
- - End:
      List: ~
  - start: 1001
    end: 1041
- - Start:
      List: ~
  - start: 1041
    end: 1072
- - Start: Item
  - start: 1041
    end: 1072
- - Text: Nulla volutpat aliquam velit
  - start: 1043
    end: 1071
- - End: Item
  - start: 1041
    end: 1072
- - End:
      List: ~
  - start: 1041
    end: 1072
- - End: Item
  - start: 910
    end: 1072
- - End:
      List: ~
  - start: 910
    end: 1072
- - End: Item
  - start: 864
    end: 1072
- - Start: Item
  - start: 1072
    end: 1086
- - Text: Very easy!
  - start: 1074
    end: 1084
- - End: Item
  - start: 1072
    end: 1086
- - End:
      List: ~
  - start: 807
    end: 1086
- - Start: Paragraph
  - start: 1086
    end: 1094
- - Text: Ordered
  - start: 1086
    end: 1093
- - End: Paragraph
  - start: 1086
    end: 1094
- - Start:
      List: 1
  - start: 1095
    end: 1269
- - Start: Item
  - start: 1095
    end: 1125
- - Start: Paragraph
  - start: 1098
    end: 1125
- - Text: Lorem ipsum dolor sit amet
  - start: 1098
    end: 1124
- - End: Paragraph
  - start: 1098
    end: 1125
- - End: Item
  - start: 1095
    end: 1125
- - Start: Item
  - start: 1125
    end: 1156
- - Start: Paragraph
  - start: 1128
    end: 1156
- - Text: Consectetur adipiscing elit
  - start: 1128
    end: 1155
- - End: Paragraph
  - start: 1128
    end: 1156
- - End: Item
  - start: 1125
    end: 1156
- - Start: Item
  - start: 1156
    end: 1193
- - Start: Paragraph
  - start: 1159
    end: 1191
- - Text: Integer molestie lorem at massa
  - start: 1159
    end: 1190
- - End: Paragraph
  - start: 1159
    end: 1191
- - End: Item
  - start: 1156
    end: 1193
- - Start: Item
  - start: 1193
    end: 1230
- - Start: Paragraph
  - start: 1196
    end: 1230
- - Text: You can use sequential numbers...
  - start: 1196
    end: 1229
- - End: Paragraph
  - start: 1196
    end: 1230
- - End: Item
  - start: 1193
    end: 1230
- - Start: Item
  - start: 1230
    end: 1269
- - Start: Paragraph
  - start: 1233
    end: 1268
- - Text: "...or keep all the numbers as "
  - start: 1233
    end: 1263
- - Code: "1."
  - start: 1263
    end: 1267
- - End: Paragraph
  - start: 1233
    end: 1268
- - End: Item
  - start: 1230
    end: 1269
- - End:
      List: 1
  - start: 1095
    end: 1269
- - Start: Paragraph
  - start: 1269
    end: 1298
- - Text: "Start numbering with offset:"
  - start: 1269
    end: 1297
- - End: Paragraph
  - start: 1269
    end: 1298
- - Start:
      List: 57
  - start: 1299
    end: 1316
- - Start: Item
  - start: 1299
    end: 1307
- - Text: foo
  - start: 1303
    end: 1306
- - End: Item
  - start: 1299
    end: 1307
- - Start: Item
  - start: 1307
    end: 1316
- - Text: bar
  - start: 1310
    end: 1313
- - End: Item
  - start: 1307
    end: 1316
- - End:
      List: 57
  - start: 1299
    end: 1316
- - Start:
      Heading: H2
  - start: 1316
    end: 1324
- - Text: Code
  - start: 1319
    end: 1323
- - End:
      Heading: H2
  - start: 1316
    end: 1324
- - Start: Paragraph
  - start: 1325
    end: 1339
- - Text: "Inline "
  - start: 1325
    end: 1332
- - Code: code
  - start: 1332
    end: 1338
- - End: Paragraph
  - start: 1325
    end: 1339
- - Start: Paragraph
  - start: 1340
    end: 1354
- - Text: Indented code
  - start: 1340
    end: 1353
- - End: Paragraph
  - start: 1340
    end: 1354
- - Start:
      CodeBlock: Indented
  - start: 1359
    end: 1433
- - Text: "// Some comments\n"
  - start: 1359
    end: 1376
- - Text: "line 1 of code\n"
  - start: 1380
    end: 1395
- - Text: "line 2 of code\n"
  - start: 1399
    end: 1414
- - Text: "line 3 of code\n"
  - start: 1418
    end: 1433
- - End:
      CodeBlock: Indented
  - start: 1359
    end: 1433
- - Start: Paragraph
  - start: 1435
    end: 1455
- - Text: "Block code \"fences\""
  - start: 1435
    end: 1454
- - End: Paragraph
  - start: 1435
    end: 1455
- - Start:
      CodeBlock:
        Fenced: ""
  - start: 1456
    end: 1483
- - Text: "Sample text here...\n"
  - start: 1460
    end: 1480
- - End:
      CodeBlock:
        Fenced: ""
  - start: 1456
    end: 1483
- - Start: Paragraph
  - start: 1485
    end: 1505
- - Text: Syntax highlighting
  - start: 1485
    end: 1504
- - End: Paragraph
  - start: 1485
    end: 1505
- - Start:
      CodeBlock:
        Fenced: js
  - start: 1506
    end: 1584
- - Text: "var foo = function (bar) {\n  return bar++;\n};\n\nconsole.log(foo(5));\n"
  - start: 1513
    end: 1581
- - End:
      CodeBlock:
        Fenced: js
  - start: 1506
    end: 1584
- - Start:
      Heading: H2
  - start: 1586
    end: 1596
- - Text: Tables
  - start: 1589
    end: 1595
- - End:
      Heading: H2
  - start: 1586
    end: 1596
- - Start:
      Table:
        - None
        - None
  - start: 1597
    end: 1868
- - Start: TableHead
  - start: 1597
    end: 1622
- - Start: TableCell
  - start: 1598
    end: 1606
- - Text: Option
  - start: 1599
    end: 1605
- - End: TableCell
  - start: 1598
    end: 1606
- - Start: TableCell
  - start: 1607
    end: 1620
- - Text: Description
  - start: 1608
    end: 1619
- - End: TableCell
  - start: 1607
    end: 1620
- - End: TableHead
  - start: 1597
    end: 1622
- - Start: TableRow
  - start: 1647
    end: 1734
- - Start: TableCell
  - start: 1648
    end: 1656
- - Text: data
  - start: 1649
    end: 1653
- - End: TableCell
  - start: 1648
    end: 1656
- - Start: TableCell
  - start: 1657
    end: 1732
- - Text: path to data files to supply the data that will be passed into templates.
  - start: 1658
    end: 1731
- - End: TableCell
  - start: 1657
    end: 1732
- - End: TableRow
  - start: 1647
    end: 1734
- - Start: TableRow
  - start: 1734
    end: 1818
- - Start: TableCell
  - start: 1735
    end: 1743
- - Text: engine
  - start: 1736
    end: 1742
- - End: TableCell
  - start: 1735
    end: 1743
- - Start: TableCell
  - start: 1744
    end: 1816
- - Text: engine to be used for processing templates. Handlebars is the default.
  - start: 1745
    end: 1815
- - End: TableCell
  - start: 1744
    end: 1816
- - End: TableRow
  - start: 1734
    end: 1818
- - Start: TableRow
  - start: 1818
    end: 1868
- - Start: TableCell
  - start: 1819
    end: 1827
- - Text: ext
  - start: 1820
    end: 1823
- - End: TableCell
  - start: 1819
    end: 1827
- - Start: TableCell
  - start: 1828
    end: 1866
- - Text: extension to be used for dest files.
  - start: 1829
    end: 1865
- - End: TableCell
  - start: 1828
    end: 1866
- - End: TableRow
  - start: 1818
    end: 1868
- - End:
      Table:
        - None
        - None
  - start: 1597
    end: 1868
- - Start: Paragraph
  - start: 1869
    end: 1891
- - Text: Right aligned columns
  - start: 1869
    end: 1890
- - End: Paragraph
  - start: 1869
    end: 1891
- - Start:
      Table:
        - Right
        - Right
  - start: 1892
    end: 2163
- - Start: TableHead
  - start: 1892
    end: 1917
- - Start: TableCell
  - start: 1893
    end: 1901
- - Text: Option
  - start: 1894
    end: 1900
- - End: TableCell
  - start: 1893
    end: 1901
- - Start: TableCell
  - start: 1902
    end: 1915
- - Text: Description
  - start: 1903
    end: 1914
- - End: TableCell
  - start: 1902
    end: 1915
- - End: TableHead
  - start: 1892
    end: 1917
- - Start: TableRow
  - start: 1942
    end: 2029
- - Start: TableCell
  - start: 1943
    end: 1951
- - Text: data
  - start: 1944
    end: 1948
- - End: TableCell
  - start: 1943
    end: 1951
- - Start: TableCell
  - start: 1952
    end: 2027
- - Text: path to data files to supply the data that will be passed into templates.
  - start: 1953
    end: 2026
- - End: TableCell
  - start: 1952
    end: 2027
- - End: TableRow
  - start: 1942
    end: 2029
- - Start: TableRow
  - start: 2029
    end: 2113
- - Start: TableCell
  - start: 2030
    end: 2038
- - Text: engine
  - start: 2031
    end: 2037
- - End: TableCell
  - start: 2030
    end: 2038
- - Start: TableCell
  - start: 2039
    end: 2111
- - Text: engine to be used for processing templates. Handlebars is the default.
  - start: 2040
    end: 2110
- - End: TableCell
  - start: 2039
    end: 2111
- - End: TableRow
  - start: 2029
    end: 2113
- - Start: TableRow
  - start: 2113
    end: 2163
- - Start: TableCell
  - start: 2114
    end: 2122
- - Text: ext
  - start: 2115
    end: 2118
- - End: TableCell
  - start: 2114
    end: 2122
- - Start: TableCell
  - start: 2123
    end: 2161
- - Text: extension to be used for dest files.
  - start: 2124
    end: 2160
- - End: TableCell
  - start: 2123
    end: 2161
- - End: TableRow
  - start: 2113
    end: 2163
- - End:
      Table:
        - Right
        - Right
  - start: 1892
    end: 2163
- - Start:
      Heading: H2
  - start: 2165
    end: 2174
- - Text: Links
  - start: 2168
    end: 2173
- - End:
      Heading: H2
  - start: 2165
    end: 2174
- - Start: Paragraph
  - start: 2175
    end: 2210
- - Start:
      Link:
        - Inline
        - "http://dev.nodeca.com"
        - ""
  - start: 2175
    end: 2209
- - Text: link text
  - start: 2176
    end: 2185
- - End:
      Link:
        - Inline
        - "http://dev.nodeca.com"
        - ""
  - start: 2175
    end: 2209
- - End: Paragraph
  - start: 2175
    end: 2210
- - Start: Paragraph
  - start: 2211
    end: 2279
- - Start:
      Link:
        - Inline
        - "http://nodeca.github.io/pica/demo/"
        - title text!
  - start: 2211
    end: 2278
- - Text: link with title
  - start: 2212
    end: 2227
- - End:
      Link:
        - Inline
        - "http://nodeca.github.io/pica/demo/"
        - title text!
  - start: 2211
    end: 2278
- - End: Paragraph
  - start: 2211
    end: 2279
- - Start: Paragraph
  - start: 2280
    end: 2302
- - Start:
      Link:
        - Reference
        - "http://dev.nodeca.com"
        - ""
  - start: 2280
    end: 2301
- - Text: ref link
  - start: 2281
    end: 2289
- - End:
      Link:
        - Reference
        - "http://dev.nodeca.com"
        - ""
  - start: 2280
    end: 2301
- - End: Paragraph
  - start: 2280
    end: 2302
- - Start: Paragraph
  - start: 2303
    end: 2377
- - Text: "Autoconverted link https://github.com/nodeca/pica (enable linkify to see)"
  - start: 2303
    end: 2376
- - End: Paragraph
  - start: 2303
    end: 2377
- - Start:
      Heading: H2
  - start: 2414
    end: 2424
- - Text: Images
  - start: 2417
    end: 2423
- - End:
      Heading: H2
  - start: 2414
    end: 2424
- - Start: Paragraph
  - start: 2425
    end: 2574
- - Start:
      Image:
        - Inline
        - "https://octodex.github.com/images/minion.png"
        - ""
  - start: 2425
    end: 2480
- - Text: Minion
  - start: 2427
    end: 2433
- - End:
      Image:
        - Inline
        - "https://octodex.github.com/images/minion.png"
        - ""
  - start: 2425
    end: 2480
- - SoftBreak
  - start: 2480
    end: 2481
- - Start:
      Image:
        - Inline
        - "https://octodex.github.com/images/stormtroopocat.jpg"
        - The Stormtroopocat
  - start: 2481
    end: 2573
- - Text: Stormtroopocat
  - start: 2483
    end: 2497
- - End:
      Image:
        - Inline
        - "https://octodex.github.com/images/stormtroopocat.jpg"
        - The Stormtroopocat
  - start: 2481
    end: 2573
- - End: Paragraph
  - start: 2425
    end: 2574
- - Start: Paragraph
  - start: 2575
    end: 2628
- - Text: "Like links, Images also have a footnote style syntax"
  - start: 2575
    end: 2627
- - End: Paragraph
  - start: 2575
    end: 2628
- - Start: Paragraph
  - start: 2629
    end: 2645
- - Start:
      Image:
        - Reference
        - "https://octodex.github.com/images/dojocat.jpg"
        - The Dojocat
  - start: 2629
    end: 2644
- - Text: Alt text
  - start: 2631
    end: 2639
- - End:
      Image:
        - Reference
        - "https://octodex.github.com/images/dojocat.jpg"
        - The Dojocat
  - start: 2629
    end: 2644
- - End: Paragraph
  - start: 2629
    end: 2645
- - Start: Paragraph
  - start: 2646
    end: 2712
- - Text: "With a reference later in the document defining the URL location:"
  - start: 2646
    end: 2711
- - End: Paragraph
  - start: 2646
    end: 2712
- - Start:
      Heading: H2
  - start: 2782
    end: 2793
- - Text: Plugins
  - start: 2785
    end: 2792
- - End:
      Heading: H2
  - start: 2782
    end: 2793
- - Start: Paragraph
  - start: 2794
    end: 2934
- - Text: "The killer feature of "
  - start: 2794
    end: 2816
- - Code: markdown-it
  - start: 2816
    end: 2829
- - Text: " is very effective support of"
  - start: 2829
    end: 2858
- - SoftBreak
  - start: 2858
    end: 2859
- - Start:
      Link:
        - Inline
        - "https://www.npmjs.org/browse/keyword/markdown-it-plugin"
        - ""
  - start: 2859
    end: 2932
- - Text: syntax plugins
  - start: 2860
    end: 2874
- - End:
      Link:
        - Inline
        - "https://www.npmjs.org/browse/keyword/markdown-it-plugin"
        - ""
  - start: 2859
    end: 2932
- - Text: "."
  - start: 2932
    end: 2933
- - End: Paragraph
  - start: 2794
    end: 2934
- - Start:
      Heading: H3
  - start: 2936
    end: 3000
- - Start:
      Link:
        - Inline
        - "https://github.com/markdown-it/markdown-it-emoji"
        - ""
  - start: 2940
    end: 2999
- - Text: Emojies
  - start: 2941
    end: 2948
- - End:
      Link:
        - Inline
        - "https://github.com/markdown-it/markdown-it-emoji"
        - ""
  - start: 2940
    end: 2999
- - End:
      Heading: H3
  - start: 2936
    end: 3000
- - Start: BlockQuote
  - start: 3001
    end: 3106
- - Start: Paragraph
  - start: 3003
    end: 3064
- - Text: "Classic markup: :wink: :crush: :cry: :tear: :laughing: :yum:"
  - start: 3003
    end: 3063
- - End: Paragraph
  - start: 3003
    end: 3064
- - Start: Paragraph
  - start: 3068
    end: 3106
- - Text: "Shortcuts (emoticons): :-) :-( 8-) ;)"
  - start: 3068
    end: 3105
- - End: Paragraph
  - start: 3068
    end: 3106
- - End: BlockQuote
  - start: 3001
    end: 3106
- - Start: Paragraph
  - start: 3107
    end: 3212
- - Text: "see "
  - start: 3107
    end: 3111
- - Start:
      Link:
        - Inline
        - "https://github.com/markdown-it/markdown-it-emoji#change-output"
        - ""
  - start: 3111
    end: 3197
- - Text: how to change output
  - start: 3112
    end: 3132
- - End:
      Link:
        - Inline
        - "https://github.com/markdown-it/markdown-it-emoji#change-output"
        - ""
  - start: 3111
    end: 3197
- - Text: " with twemoji."
  - start: 3197
    end: 3211
- - End: Paragraph
  - start: 3107
    end: 3212
- - Start:
      Heading: H3
  - start: 3214
    end: 3342
- - Start:
      Link:
        - Inline
        - "https://github.com/markdown-it/markdown-it-sub"
        - ""
  - start: 3218
    end: 3277
- - Text: Subscript
  - start: 3219
    end: 3228
- - End:
      Link:
        - Inline
        - "https://github.com/markdown-it/markdown-it-sub"
        - ""
  - start: 3218
    end: 3277
- - Text: " / "
  - start: 3277
    end: 3280
- - Start:
      Link:
        - Inline
        - "https://github.com/markdown-it/markdown-it-sup"
        - ""
  - start: 3280
    end: 3341
- - Text: Superscript
  - start: 3281
    end: 3292
- - End:
      Link:
        - Inline
        - "https://github.com/markdown-it/markdown-it-sup"
        - ""
  - start: 3280
    end: 3341
- - End:
      Heading: H3
  - start: 3214
    end: 3342
- - Start:
      List: ~
  - start: 3343
    end: 3362
- - Start: Item
  - start: 3343
    end: 3352
- - Text: 19^th^
  - start: 3345
    end: 3351
- - End: Item
  - start: 3343
    end: 3352
- - Start: Item
  - start: 3352
    end: 3362
- - Text: H~2~O
  - start: 3354
    end: 3359
- - End: Item
  - start: 3352
    end: 3362
- - End:
      List: ~
  - start: 3343
    end: 3362
- - Start:
      Heading: H3
  - start: 3362
    end: 3423
- - Start:
      Link:
        - Inline
        - "https://github.com/markdown-it/markdown-it-ins"
        - ""
  - start: 3366
    end: 3422
- - Text: "<ins>"
  - start: 3368
    end: 3373
- - End:
      Link:
        - Inline
        - "https://github.com/markdown-it/markdown-it-ins"
        - ""
  - start: 3366
    end: 3422
- - End:
      Heading: H3
  - start: 3362
    end: 3423
- - Start: Paragraph
  - start: 3424
    end: 3442
- - Text: ++Inserted text++
  - start: 3424
    end: 3441
- - End: Paragraph
  - start: 3424
    end: 3442
- - Start:
      Heading: H3
  - start: 3444
    end: 3507
- - Start:
      Link:
        - Inline
        - "https://github.com/markdown-it/markdown-it-mark"
        - ""
  - start: 3448
    end: 3506
- - Text: "<mark>"
  - start: 3450
    end: 3456
- - End:
      Link:
        - Inline
        - "https://github.com/markdown-it/markdown-it-mark"
        - ""
  - start: 3448
    end: 3506
- - End:
      Heading: H3
  - start: 3444
    end: 3507
- - Start: Paragraph
  - start: 3508
    end: 3524
- - Text: "==Marked text=="
  - start: 3508
    end: 3523
- - End: Paragraph
  - start: 3508
    end: 3524
- - Start:
      Heading: H3
  - start: 3526
    end: 3595
- - Start:
      Link:
        - Inline
        - "https://github.com/markdown-it/markdown-it-footnote"
        - ""
  - start: 3530
    end: 3594
- - Text: Footnotes
  - start: 3531
    end: 3540
- - End:
      Link:
        - Inline
        - "https://github.com/markdown-it/markdown-it-footnote"
        - ""
  - start: 3530
    end: 3594
- - End:
      Heading: H3
  - start: 3526
    end: 3595
- - Start: Paragraph
  - start: 3596
    end: 3621
- - Text: Footnote 1 link
  - start: 3596
    end: 3611
- - FootnoteReference: first
  - start: 3611
    end: 3619
- - Text: "."
  - start: 3619
    end: 3620
- - End: Paragraph
  - start: 3596
    end: 3621
- - Start: Paragraph
  - start: 3622
    end: 3648
- - Text: Footnote 2 link
  - start: 3622
    end: 3637
- - FootnoteReference: second
  - start: 3637
    end: 3646
- - Text: "."
  - start: 3646
    end: 3647
- - End: Paragraph
  - start: 3622
    end: 3648
- - Start: Paragraph
  - start: 3649
    end: 3703
- - Text: Inline footnote^
  - start: 3649
    end: 3665
- - Text: "["
  - start: 3665
    end: 3666
- - Text: Text of inline footnote
  - start: 3666
    end: 3689
- - Text: "]"
  - start: 3689
    end: 3690
- - Text: " definition."
  - start: 3690
    end: 3702
- - End: Paragraph
  - start: 3649
    end: 3703
- - Start: Paragraph
  - start: 3704
    end: 3744
- - Text: Duplicated footnote reference
  - start: 3704
    end: 3733
- - FootnoteReference: second
  - start: 3733
    end: 3742
- - Text: "."
  - start: 3742
    end: 3743
- - End: Paragraph
  - start: 3704
    end: 3744
- - Start:
      FootnoteDefinition: first
  - start: 3745
    end: 3785
- - Start: Paragraph
  - start: 3755
    end: 3784
- - Text: "Footnote "
  - start: 3755
    end: 3764
- - Start: Strong
  - start: 3764
    end: 3783
- - Text: can have markup
  - start: 3766
    end: 3781
- - End: Strong
  - start: 3764
    end: 3783
- - End: Paragraph
  - start: 3755
    end: 3784
- - End:
      FootnoteDefinition: first
  - start: 3745
    end: 3785
- - Start:
      CodeBlock: Indented
  - start: 3789
    end: 3814
- - Text: "and multiple paragraphs.\n"
  - start: 3789
    end: 3814
- - End:
      CodeBlock: Indented
  - start: 3789
    end: 3814
- - Start:
      FootnoteDefinition: second
  - start: 3815
    end: 3842
- - Start: Paragraph
  - start: 3826
    end: 3841
- - Text: Footnote text.
  - start: 3826
    end: 3840
- - End: Paragraph
  - start: 3826
    end: 3841
- - End:
      FootnoteDefinition: second
  - start: 3815
    end: 3842
- - Start:
      Heading: H3
  - start: 3843
    end: 3918
- - Start:
      Link:
        - Inline
        - "https://github.com/markdown-it/markdown-it-deflist"
        - ""
  - start: 3847
    end: 3917
- - Text: Definition lists
  - start: 3848
    end: 3864
- - End:
      Link:
        - Inline
        - "https://github.com/markdown-it/markdown-it-deflist"
        - ""
  - start: 3847
    end: 3917
- - End:
      Heading: H3
  - start: 3843
    end: 3918
- - Start: Paragraph
  - start: 3919
    end: 3926
- - Text: Term 1
  - start: 3919
    end: 3925
- - End: Paragraph
  - start: 3919
    end: 3926
- - Start: Paragraph
  - start: 3927
    end: 3968
- - Text: ":   Definition 1"
  - start: 3927
    end: 3943
- - SoftBreak
  - start: 3943
    end: 3944
- - Text: with lazy continuation.
  - start: 3944
    end: 3967
- - End: Paragraph
  - start: 3927
    end: 3968
- - Start: Paragraph
  - start: 3969
    end: 3997
- - Text: "Term 2 with "
  - start: 3969
    end: 3981
- - Start: Emphasis
  - start: 3981
    end: 3996
- - Text: inline markup
  - start: 3982
    end: 3995
- - End: Emphasis
  - start: 3981
    end: 3996
- - End: Paragraph
  - start: 3969
    end: 3997
- - Start: Paragraph
  - start: 3998
    end: 4015
- - Text: ":   Definition 2"
  - start: 3998
    end: 4014
- - End: Paragraph
  - start: 3998
    end: 4015
- - Start:
      CodeBlock: Indented
  - start: 4020
    end: 4098
- - Text: "    { some code, part of Definition 2 }\n\n"
  - start: 4020
    end: 4061
- - Text: "Third paragraph of definition 2.\n"
  - start: 4065
    end: 4098
- - End:
      CodeBlock: Indented
  - start: 4020
    end: 4098
- - Start: Paragraph
  - start: 4099
    end: 4116
- - Start: Emphasis
  - start: 4099
    end: 4115
- - Text: "Compact style:"
  - start: 4100
    end: 4114
- - End: Emphasis
  - start: 4099
    end: 4115
- - End: Paragraph
  - start: 4099
    end: 4116
- - Start: Paragraph
  - start: 4117
    end: 4141
- - Text: Term 1
  - start: 4117
    end: 4123
- - SoftBreak
  - start: 4123
    end: 4124
- - Text: ~ Definition 1
  - start: 4126
    end: 4140
- - End: Paragraph
  - start: 4117
    end: 4141
- - Start: Paragraph
  - start: 4142
    end: 4185
- - Text: Term 2
  - start: 4142
    end: 4148
- - SoftBreak
  - start: 4148
    end: 4149
- - Text: ~ Definition 2a
  - start: 4151
    end: 4166
- - SoftBreak
  - start: 4166
    end: 4167
- - Text: ~ Definition 2b
  - start: 4169
    end: 4184
- - End: Paragraph
  - start: 4142
    end: 4185
- - Start:
      Heading: H3
  - start: 4187
    end: 4256
- - Start:
      Link:
        - Inline
        - "https://github.com/markdown-it/markdown-it-abbr"
        - ""
  - start: 4191
    end: 4255
- - Text: Abbreviations
  - start: 4192
    end: 4205
- - End:
      Link:
        - Inline
        - "https://github.com/markdown-it/markdown-it-abbr"
        - ""
  - start: 4191
    end: 4255
- - End:
      Heading: H3
  - start: 4187
    end: 4256
- - Start: Paragraph
  - start: 4257
    end: 4292
- - Text: This is HTML abbreviation example.
  - start: 4257
    end: 4291
- - End: Paragraph
  - start: 4257
    end: 4292
- - Start: Paragraph
  - start: 4293
    end: 4374
- - Text: "It converts \"HTML\", but keep intact partial entries like \"xxxHTMLyyy\" and so on."
  - start: 4293
    end: 4373
- - End: Paragraph
  - start: 4293
    end: 4374
- - Start: Paragraph
  - start: 4375
    end: 4411
- - Text: "*"
  - start: 4375
    end: 4376
- - Text: "["
  - start: 4376
    end: 4377
- - Text: HTML
  - start: 4377
    end: 4381
- - Text: "]"
  - start: 4381
    end: 4382
- - Text: ": Hyper Text Markup Language"
  - start: 4382
    end: 4410
- - End: Paragraph
  - start: 4375
    end: 4411
- - Start:
      Heading: H3
  - start: 4412
    end: 4490
- - Start:
      Link:
        - Inline
        - "https://github.com/markdown-it/markdown-it-container"
        - ""
  - start: 4416
    end: 4489
- - Text: Custom containers
  - start: 4417
    end: 4434
- - End:
      Link:
        - Inline
        - "https://github.com/markdown-it/markdown-it-container"
        - ""
  - start: 4416
    end: 4489
- - End:
      Heading: H3
  - start: 4412
    end: 4490
- - Start: Paragraph
  - start: 4491
    end: 4525
- - Text: "::: warning"
  - start: 4491
    end: 4502
- - SoftBreak
  - start: 4502
    end: 4503
- - Start: Emphasis
  - start: 4503
    end: 4520
- - Text: here be dragons
  - start: 4504
    end: 4519
- - End: Emphasis
  - start: 4503
    end: 4520
- - SoftBreak
  - start: 4520
    end: 4521
- - Text: ":::"
  - start: 4521
    end: 4524
- - End: Paragraph
  - start: 4491
    end: 4525

